digraph g {
  "build" -> "makefile";
  "build" -> "source_code";
  "test" -> "build";
  "test" -> "makefile";
  "test" -> "test_code";
}