digraph g {
  "nothing" -> "makefile";
  "something" -> "makefile";
}