/96
/96/96ef90b6d7c29a9899fb0d6e0704b95b53bc2b528d8f3e6df49a8611eff0a2e2
/a1
/a1/a1753190871b77e4c2ef833cabf68224edf51492b4ef25f4002057d8c87c5c77
/a1/a1753190871b77e4c2ef833cabf68224edf51492b4ef25f4002057d8c87c5c77/main