running makefile
running test_code
running source_code
running build
running test
