running makefile
running test_code
running makefile
running source_code
skipping build
skipping test
