/60
/60/60cc63156f75292b254b65ef38a7efa117a9cf3dcb85bd1f7b068483f300d614
/60/60cc63156f75292b254b65ef38a7efa117a9cf3dcb85bd1f7b068483f300d614/dist
/60/60cc63156f75292b254b65ef38a7efa117a9cf3dcb85bd1f7b068483f300d614/dist/something
/94
/94/94a0d5e16b1dbd38650cf34a5c1d6773d554bc040cb903a5e2aec8efe57ef510