running makefile
skipping nothing
skipping something
