running makefile_for_test
running test_code
running makefile_for_build
running source_code
running make_build
running make_test
