/a1
/a1/a1753190871b77e4c2ef833cabf68224edf51492b4ef25f4002057d8c87c5c77
/a1/a1753190871b77e4c2ef833cabf68224edf51492b4ef25f4002057d8c87c5c77/main
/cf
/cf/cf16894e13b15fbd253fd01c8498d9ce2893eedbc3c8910b880e35afb2d1de3f