running makefile
running test_code
running source_code
skipping build
skipping test
