/26
/26/26502a612d2ace1a05c6a0708fc55ab28e034393d75cbdf9f71e958ef75aa1e2
/26/26502a612d2ace1a05c6a0708fc55ab28e034393d75cbdf9f71e958ef75aa1e2/main
/9e
/9e/9e6ee00a1a103f06d2668c7b668fb382c3e58bb9a44e56f48d84eedeb68dbaa9