/0f
/0f/0f0963f849e1bd3b7197c29b66d59a531c1806e22f9d86478142d2917cd46038
/0f/0f0963f849e1bd3b7197c29b66d59a531c1806e22f9d86478142d2917cd46038/dist
/0f/0f0963f849e1bd3b7197c29b66d59a531c1806e22f9d86478142d2917cd46038/dist/something
/30
/30/308a5d09381b31966c398432ae1542f0b35564243c411dd2f4116b84452d5ef6