running makefile
skipping nothing
running makefile
skipping something
