running makefile
running nothing
running something
